MSG: WAR: Machine servos activated!
MSG: STA: Scanning input for programs (O words)
MSG: this is a message
