MSG: WAR: Machine servos activated!
MSG: STA: Scanning input for programs (O words)
MSG: WAR: Machine servos activated!
MPOS,20.00,20.00,20.00
MPOS,30.00,20.00,20.00
MPOS,10.00,20.00,20.00
MPOS,10.00,10.00,10.00
MPOS,15.00,15.00,5.00
MPOS,10.00,10.00,5.00
