MSG: WAR: Machine servos activated!
MSG: STA: Scanning input for programs (O words)
MSG: WAR: Machine servos activated!
MPOS,10.00,10.00,10.00
MPOS,15.00,10.00,10.00
MPOS,8.00,12.00,10.00
MPOS,10.00,10.00,10.00
MPOS,19.00,9.00,10.00
MPOS,5.00,13.00,10.00
MPOS,9.00,9.00,10.00
MPOS,13.00,10.50,10.00
MPOS,9.50,11.50,10.00
MPOS,10.50,10.50,10.00
