MSG: WAR: Machine servos activated!
MSG: STA: Scanning input for programs (O words)
MSG: WAR: Machine servos activated!
MPOS,10.00,10.00,0.00
MPOS,10.00,50.75,0.00
MPOS,50.75,50.75,0.00
MPOS,50.75,9.25,0.00
MPOS,-45.05,9.25,0.00
MPOS,5.00,5.00,0.00
MPOS,10.00,10.00,0.00
MPOS,10.00,49.25,0.00
MPOS,49.25,49.25,0.00
MPOS,49.25,10.75,0.00
MPOS,-44.95,10.75,0.00
MPOS,5.00,5.00,0.00
