MSG: WAR: Machine servos activated!
MSG: STA: Scanning input for programs (O words)
MSG: WAR: Machine servos activated!
MPOS,-0.62,-0.62,0.00
MPOS,-0.62,-0.62,-0.50
MPOS,-0.62,-0.62,-2.05
MPOS,-0.38,-0.25,-2.05
MPOS,-0.38,1.40,-2.05
MPOS,2.62,2.37,-2.05
MPOS,2.62,-0.51,-2.05
MPOS,0.49,-0.38,-2.05
MPOS,-0.25,-0.38,-2.05
MPOS,-0.62,-0.62,-2.05
MPOS,-0.62,-0.62,-0.50
