MSG: WAR: Machine servos activated!
MSG: STA: Scanning input for programs (O words)
MSG: WAR: Machine servos activated!
MPOS,-0.62,-0.62,0.00
MPOS,-0.62,-0.62,-0.50
MPOS,-0.62,-0.62,-2.05
MPOS,-0.38,-0.62,-2.05
MPOS,-0.38,1.12,-2.05
MPOS,-0.12,1.48,-2.05
MPOS,2.13,2.21,-2.05
MPOS,2.62,1.86,-2.05
MPOS,2.62,0.62,-2.05
MPOS,1.62,-0.38,-2.05
MPOS,-0.25,-0.38,-2.05
MPOS,-0.62,-0.62,-2.05
MPOS,-0.62,-0.62,-0.50
